Archive member included to satisfy reference by file (symbol)

c:/program files/microchip/xc8/v2.36/avr/bin/../lib/gcc/avr/5.4.0/../../../../avr/lib/avr5/memx-const\libm.a(addsf3.o)
                              MCAL/PWM/PWM_prog.o (__subsf3)
c:/program files/microchip/xc8/v2.36/avr/bin/../lib/gcc/avr/5.4.0/../../../../avr/lib/avr5/memx-const\libm.a(addsf3x.o)
                              c:/program files/microchip/xc8/v2.36/avr/bin/../lib/gcc/avr/5.4.0/../../../../avr/lib/avr5/memx-const\libm.a(addsf3.o) (__addsf3x)
c:/program files/microchip/xc8/v2.36/avr/bin/../lib/gcc/avr/5.4.0/../../../../avr/lib/avr5/memx-const\libm.a(divsf3.o)
                              HAL/ULTRASONIC/USS_prog.o (__divsf3)
c:/program files/microchip/xc8/v2.36/avr/bin/../lib/gcc/avr/5.4.0/../../../../avr/lib/avr5/memx-const\libm.a(divsf3x.o)
                              c:/program files/microchip/xc8/v2.36/avr/bin/../lib/gcc/avr/5.4.0/../../../../avr/lib/avr5/memx-const\libm.a(divsf3.o) (__divsf3x)
c:/program files/microchip/xc8/v2.36/avr/bin/../lib/gcc/avr/5.4.0/../../../../avr/lib/avr5/memx-const\libm.a(fixunssfsi.o)
                              HAL/ULTRASONIC/USS_prog.o (__fixunssfsi)
c:/program files/microchip/xc8/v2.36/avr/bin/../lib/gcc/avr/5.4.0/../../../../avr/lib/avr5/memx-const\libm.a(floatsisf.o)
                              HAL/ULTRASONIC/USS_prog.o (__floatunsisf)
c:/program files/microchip/xc8/v2.36/avr/bin/../lib/gcc/avr/5.4.0/../../../../avr/lib/avr5/memx-const\libm.a(fp_inf.o)
                              c:/program files/microchip/xc8/v2.36/avr/bin/../lib/gcc/avr/5.4.0/../../../../avr/lib/avr5/memx-const\libm.a(addsf3x.o) (__fp_inf)
c:/program files/microchip/xc8/v2.36/avr/bin/../lib/gcc/avr/5.4.0/../../../../avr/lib/avr5/memx-const\libm.a(fp_nan.o)
                              c:/program files/microchip/xc8/v2.36/avr/bin/../lib/gcc/avr/5.4.0/../../../../avr/lib/avr5/memx-const\libm.a(addsf3x.o) (__fp_nan)
c:/program files/microchip/xc8/v2.36/avr/bin/../lib/gcc/avr/5.4.0/../../../../avr/lib/avr5/memx-const\libm.a(fp_pscA.o)
                              c:/program files/microchip/xc8/v2.36/avr/bin/../lib/gcc/avr/5.4.0/../../../../avr/lib/avr5/memx-const\libm.a(addsf3x.o) (__fp_pscA)
c:/program files/microchip/xc8/v2.36/avr/bin/../lib/gcc/avr/5.4.0/../../../../avr/lib/avr5/memx-const\libm.a(fp_pscB.o)
                              c:/program files/microchip/xc8/v2.36/avr/bin/../lib/gcc/avr/5.4.0/../../../../avr/lib/avr5/memx-const\libm.a(addsf3x.o) (__fp_pscB)
c:/program files/microchip/xc8/v2.36/avr/bin/../lib/gcc/avr/5.4.0/../../../../avr/lib/avr5/memx-const\libm.a(fp_round.o)
                              c:/program files/microchip/xc8/v2.36/avr/bin/../lib/gcc/avr/5.4.0/../../../../avr/lib/avr5/memx-const\libm.a(addsf3.o) (__fp_round)
c:/program files/microchip/xc8/v2.36/avr/bin/../lib/gcc/avr/5.4.0/../../../../avr/lib/avr5/memx-const\libm.a(fp_split3.o)
                              c:/program files/microchip/xc8/v2.36/avr/bin/../lib/gcc/avr/5.4.0/../../../../avr/lib/avr5/memx-const\libm.a(addsf3x.o) (__fp_split3)
c:/program files/microchip/xc8/v2.36/avr/bin/../lib/gcc/avr/5.4.0/../../../../avr/lib/avr5/memx-const\libm.a(fp_zero.o)
                              c:/program files/microchip/xc8/v2.36/avr/bin/../lib/gcc/avr/5.4.0/../../../../avr/lib/avr5/memx-const\libm.a(addsf3x.o) (__fp_zero)
c:/program files/microchip/xc8/v2.36/avr/bin/../lib/gcc/avr/5.4.0/../../../../avr/lib/avr5/memx-const\libm.a(mulsf3.o)
                              MCAL/PWM/PWM_prog.o (__mulsf3)
c:/program files/microchip/xc8/v2.36/avr/bin/../lib/gcc/avr/5.4.0/../../../../avr/lib/avr5/memx-const\libm.a(mulsf3x.o)
                              c:/program files/microchip/xc8/v2.36/avr/bin/../lib/gcc/avr/5.4.0/../../../../avr/lib/avr5/memx-const\libm.a(mulsf3.o) (__mulsf3x)
c:/program files/microchip/xc8/v2.36/avr/bin/../lib/gcc/avr/5.4.0/avr5/memx-const\libgcc.a(_udivmodsi4.o)
                              HAL/LCD/CLCD_prog.o (__udivmodsi4)
c:/program files/microchip/xc8/v2.36/avr/bin/../lib/gcc/avr/5.4.0/avr5/memx-const\libgcc.a(_copy_data.o)
                              main.o (__do_copy_data)
c:/program files/microchip/xc8/v2.36/avr/bin/../lib/gcc/avr/5.4.0/avr5/memx-const\libgcc.a(_umulhisi3.o)
                              HAL/ULTRASONIC/USS_prog.o (__umulhisi3)
c:/program files/microchip/xc8/v2.36/avr/bin/../lib/gcc/avr/5.4.0/avr5/memx-const\libgcc.a(_movmemx.o)
                              main.o (__movmemx_qi)
c:/program files/microchip/xc8/v2.36/avr/bin/../lib/gcc/avr/5.4.0/../../../../avr/lib/avr5/memx-const\libc.a(exit.o)
                              C:/Program Files (x86)/Atmel/Studio/7.0/Packs/atmel/ATmega_DFP/1.7.374/xc8/avr/lib/avr5/memx-const/crtatmega32.o (exit)
c:/program files/microchip/xc8/v2.36/avr/bin/../lib/gcc/avr/5.4.0/../../../../avr/lib/avr5/memx-const\libc.a(_Exit.o)
                              c:/program files/microchip/xc8/v2.36/avr/bin/../lib/gcc/avr/5.4.0/../../../../avr/lib/avr5/memx-const\libc.a(exit.o) (_Exit)
c:/program files/microchip/xc8/v2.36/avr/bin/../lib/gcc/avr/5.4.0/avr5/memx-const\libgcc.a(_exit.o)
                              c:/program files/microchip/xc8/v2.36/avr/bin/../lib/gcc/avr/5.4.0/../../../../avr/lib/avr5/memx-const\libc.a(_Exit.o) (_exit)

Allocating common symbols
Common symbol       size              file

MOTOR2              0x2               main.o
MOTOR1              0x2               main.o

Discarded input sections

 .data          0x0000000000000000        0x0 C:/Program Files (x86)/Atmel/Studio/7.0/Packs/atmel/ATmega_DFP/1.7.374/xc8/avr/lib/avr5/memx-const/crtatmega32.o
 .bss           0x0000000000000000        0x0 C:/Program Files (x86)/Atmel/Studio/7.0/Packs/atmel/ATmega_DFP/1.7.374/xc8/avr/lib/avr5/memx-const/crtatmega32.o
 .text          0x0000000000000000        0x0 HAL/LCD/CLCD_prog.o
 .data          0x0000000000000000        0x0 HAL/LCD/CLCD_prog.o
 .bss           0x0000000000000000        0x0 HAL/LCD/CLCD_prog.o
 .text.CLCD_voidSendSpecialChatacter
                0x0000000000000000       0x5e HAL/LCD/CLCD_prog.o
 .text          0x0000000000000000        0x0 HAL/MOTOR/MOTOR_program.o
 .data          0x0000000000000000        0x0 HAL/MOTOR/MOTOR_program.o
 .bss           0x0000000000000000        0x0 HAL/MOTOR/MOTOR_program.o
 .text          0x0000000000000000        0x0 HAL/SERVO/SERVO_prog.o
 .data          0x0000000000000000        0x0 HAL/SERVO/SERVO_prog.o
 .bss           0x0000000000000000        0x0 HAL/SERVO/SERVO_prog.o
 .text          0x0000000000000000        0x0 HAL/ULTRASONIC/USS_prog.o
 .data          0x0000000000000000        0x0 HAL/ULTRASONIC/USS_prog.o
 .bss           0x0000000000000000        0x0 HAL/ULTRASONIC/USS_prog.o
 .text.stopTimer1
                0x0000000000000000        0x8 HAL/ULTRASONIC/USS_prog.o
 .text          0x0000000000000000        0x0 main.o
 .data          0x0000000000000000        0x0 main.o
 .bss           0x0000000000000000        0x0 main.o
 .text          0x0000000000000000        0x0 MCAL/DIO/DIO_prog.o
 .data          0x0000000000000000        0x0 MCAL/DIO/DIO_prog.o
 .bss           0x0000000000000000        0x0 MCAL/DIO/DIO_prog.o
 .text.DIO_u8ReadPinValue
                0x0000000000000000       0x8a MCAL/DIO/DIO_prog.o
 .text.DIO_u8TogglePinValue
                0x0000000000000000       0x7c MCAL/DIO/DIO_prog.o
 .text          0x0000000000000000        0x0 MCAL/INTERRUPT/EXTI_prog.o
 .data          0x0000000000000000        0x0 MCAL/INTERRUPT/EXTI_prog.o
 .bss           0x0000000000000000        0x0 MCAL/INTERRUPT/EXTI_prog.o
 .text.EXTI_voidInit
                0x0000000000000000       0x32 MCAL/INTERRUPT/EXTI_prog.o
 .text.EXTI_u8SetSenseControl
                0x0000000000000000       0xe6 MCAL/INTERRUPT/EXTI_prog.o
 .text.EXTI_u8EnableInt
                0x0000000000000000       0x2e MCAL/INTERRUPT/EXTI_prog.o
 .text.EXTI_u8DisableInt
                0x0000000000000000       0x2e MCAL/INTERRUPT/EXTI_prog.o
 .text.EXTI_u8SetCallBack
                0x0000000000000000       0x1e MCAL/INTERRUPT/EXTI_prog.o
 .text          0x0000000000000000        0x0 MCAL/INTERRUPT/GIE_prog.o
 .data          0x0000000000000000        0x0 MCAL/INTERRUPT/GIE_prog.o
 .bss           0x0000000000000000        0x0 MCAL/INTERRUPT/GIE_prog.o
 .text.GIE_voidDisableGlobal
                0x0000000000000000        0x4 MCAL/INTERRUPT/GIE_prog.o
 .text          0x0000000000000000        0x0 MCAL/PORT/PORT_prog.o
 .data          0x0000000000000000        0x0 MCAL/PORT/PORT_prog.o
 .bss           0x0000000000000000        0x0 MCAL/PORT/PORT_prog.o
 .text          0x0000000000000000        0x0 MCAL/PWM/PWM_prog.o
 .data          0x0000000000000000        0x0 MCAL/PWM/PWM_prog.o
 .bss           0x0000000000000000        0x0 MCAL/PWM/PWM_prog.o
 .text          0x0000000000000000        0x0 MCAL/TIMER/TIMER_prog.o
 .data          0x0000000000000000        0x0 MCAL/TIMER/TIMER_prog.o
 .bss           0x0000000000000000        0x0 MCAL/TIMER/TIMER_prog.o
 .text.TIMER0_VoidInit
                0x0000000000000000       0x32 MCAL/TIMER/TIMER_prog.o
 .text.TIMEROvf_u8Disable
                0x0000000000000000       0x2e MCAL/TIMER/TIMER_prog.o
 .text.TIMER0ovf_u8SetCallBack
                0x0000000000000000       0x14 MCAL/TIMER/TIMER_prog.o
 .text.Timer0_voidSetTimerValue
                0x0000000000000000        0x4 MCAL/TIMER/TIMER_prog.o
 .data          0x0000000000000000        0x0 c:/program files/microchip/xc8/v2.36/avr/bin/../lib/gcc/avr/5.4.0/../../../../avr/lib/avr5/memx-const\libm.a(addsf3.o)
 .bss           0x0000000000000000        0x0 c:/program files/microchip/xc8/v2.36/avr/bin/../lib/gcc/avr/5.4.0/../../../../avr/lib/avr5/memx-const\libm.a(addsf3.o)
 .stack.descriptors
                0x0000000000000000       0x2c c:/program files/microchip/xc8/v2.36/avr/bin/../lib/gcc/avr/5.4.0/../../../../avr/lib/avr5/memx-const\libm.a(addsf3.o)
 .data          0x0000000000000000        0x0 c:/program files/microchip/xc8/v2.36/avr/bin/../lib/gcc/avr/5.4.0/../../../../avr/lib/avr5/memx-const\libm.a(addsf3x.o)
 .bss           0x0000000000000000        0x0 c:/program files/microchip/xc8/v2.36/avr/bin/../lib/gcc/avr/5.4.0/../../../../avr/lib/avr5/memx-const\libm.a(addsf3x.o)
 .stack.descriptors
                0x0000000000000000       0x17 c:/program files/microchip/xc8/v2.36/avr/bin/../lib/gcc/avr/5.4.0/../../../../avr/lib/avr5/memx-const\libm.a(addsf3x.o)
 .data          0x0000000000000000        0x0 c:/program files/microchip/xc8/v2.36/avr/bin/../lib/gcc/avr/5.4.0/../../../../avr/lib/avr5/memx-const\libm.a(divsf3.o)
 .bss           0x0000000000000000        0x0 c:/program files/microchip/xc8/v2.36/avr/bin/../lib/gcc/avr/5.4.0/../../../../avr/lib/avr5/memx-const\libm.a(divsf3.o)
 .stack.descriptors
                0x0000000000000000       0x16 c:/program files/microchip/xc8/v2.36/avr/bin/../lib/gcc/avr/5.4.0/../../../../avr/lib/avr5/memx-const\libm.a(divsf3.o)
 .data          0x0000000000000000        0x0 c:/program files/microchip/xc8/v2.36/avr/bin/../lib/gcc/avr/5.4.0/../../../../avr/lib/avr5/memx-const\libm.a(divsf3x.o)
 .bss           0x0000000000000000        0x0 c:/program files/microchip/xc8/v2.36/avr/bin/../lib/gcc/avr/5.4.0/../../../../avr/lib/avr5/memx-const\libm.a(divsf3x.o)
 .stack.descriptors
                0x0000000000000000       0x31 c:/program files/microchip/xc8/v2.36/avr/bin/../lib/gcc/avr/5.4.0/../../../../avr/lib/avr5/memx-const\libm.a(divsf3x.o)
 .data          0x0000000000000000        0x0 c:/program files/microchip/xc8/v2.36/avr/bin/../lib/gcc/avr/5.4.0/../../../../avr/lib/avr5/memx-const\libm.a(fixunssfsi.o)
 .bss           0x0000000000000000        0x0 c:/program files/microchip/xc8/v2.36/avr/bin/../lib/gcc/avr/5.4.0/../../../../avr/lib/avr5/memx-const\libm.a(fixunssfsi.o)
 .stack.descriptors
                0x0000000000000000       0x1a c:/program files/microchip/xc8/v2.36/avr/bin/../lib/gcc/avr/5.4.0/../../../../avr/lib/avr5/memx-const\libm.a(fixunssfsi.o)
 .data          0x0000000000000000        0x0 c:/program files/microchip/xc8/v2.36/avr/bin/../lib/gcc/avr/5.4.0/../../../../avr/lib/avr5/memx-const\libm.a(floatsisf.o)
 .bss           0x0000000000000000        0x0 c:/program files/microchip/xc8/v2.36/avr/bin/../lib/gcc/avr/5.4.0/../../../../avr/lib/avr5/memx-const\libm.a(floatsisf.o)
 .stack.descriptors
                0x0000000000000000       0x34 c:/program files/microchip/xc8/v2.36/avr/bin/../lib/gcc/avr/5.4.0/../../../../avr/lib/avr5/memx-const\libm.a(floatsisf.o)
 .data          0x0000000000000000        0x0 c:/program files/microchip/xc8/v2.36/avr/bin/../lib/gcc/avr/5.4.0/../../../../avr/lib/avr5/memx-const\libm.a(fp_inf.o)
 .bss           0x0000000000000000        0x0 c:/program files/microchip/xc8/v2.36/avr/bin/../lib/gcc/avr/5.4.0/../../../../avr/lib/avr5/memx-const\libm.a(fp_inf.o)
 .stack.descriptors
                0x0000000000000000       0x16 c:/program files/microchip/xc8/v2.36/avr/bin/../lib/gcc/avr/5.4.0/../../../../avr/lib/avr5/memx-const\libm.a(fp_inf.o)
 .data          0x0000000000000000        0x0 c:/program files/microchip/xc8/v2.36/avr/bin/../lib/gcc/avr/5.4.0/../../../../avr/lib/avr5/memx-const\libm.a(fp_nan.o)
 .bss           0x0000000000000000        0x0 c:/program files/microchip/xc8/v2.36/avr/bin/../lib/gcc/avr/5.4.0/../../../../avr/lib/avr5/memx-const\libm.a(fp_nan.o)
 .stack.descriptors
                0x0000000000000000       0x16 c:/program files/microchip/xc8/v2.36/avr/bin/../lib/gcc/avr/5.4.0/../../../../avr/lib/avr5/memx-const\libm.a(fp_nan.o)
 .data          0x0000000000000000        0x0 c:/program files/microchip/xc8/v2.36/avr/bin/../lib/gcc/avr/5.4.0/../../../../avr/lib/avr5/memx-const\libm.a(fp_pscA.o)
 .bss           0x0000000000000000        0x0 c:/program files/microchip/xc8/v2.36/avr/bin/../lib/gcc/avr/5.4.0/../../../../avr/lib/avr5/memx-const\libm.a(fp_pscA.o)
 .stack.descriptors
                0x0000000000000000       0x17 c:/program files/microchip/xc8/v2.36/avr/bin/../lib/gcc/avr/5.4.0/../../../../avr/lib/avr5/memx-const\libm.a(fp_pscA.o)
 .data          0x0000000000000000        0x0 c:/program files/microchip/xc8/v2.36/avr/bin/../lib/gcc/avr/5.4.0/../../../../avr/lib/avr5/memx-const\libm.a(fp_pscB.o)
 .bss           0x0000000000000000        0x0 c:/program files/microchip/xc8/v2.36/avr/bin/../lib/gcc/avr/5.4.0/../../../../avr/lib/avr5/memx-const\libm.a(fp_pscB.o)
 .stack.descriptors
                0x0000000000000000       0x17 c:/program files/microchip/xc8/v2.36/avr/bin/../lib/gcc/avr/5.4.0/../../../../avr/lib/avr5/memx-const\libm.a(fp_pscB.o)
 .data          0x0000000000000000        0x0 c:/program files/microchip/xc8/v2.36/avr/bin/../lib/gcc/avr/5.4.0/../../../../avr/lib/avr5/memx-const\libm.a(fp_round.o)
 .bss           0x0000000000000000        0x0 c:/program files/microchip/xc8/v2.36/avr/bin/../lib/gcc/avr/5.4.0/../../../../avr/lib/avr5/memx-const\libm.a(fp_round.o)
 .stack.descriptors
                0x0000000000000000       0x18 c:/program files/microchip/xc8/v2.36/avr/bin/../lib/gcc/avr/5.4.0/../../../../avr/lib/avr5/memx-const\libm.a(fp_round.o)
 .data          0x0000000000000000        0x0 c:/program files/microchip/xc8/v2.36/avr/bin/../lib/gcc/avr/5.4.0/../../../../avr/lib/avr5/memx-const\libm.a(fp_split3.o)
 .bss           0x0000000000000000        0x0 c:/program files/microchip/xc8/v2.36/avr/bin/../lib/gcc/avr/5.4.0/../../../../avr/lib/avr5/memx-const\libm.a(fp_split3.o)
 .stack.descriptors
                0x0000000000000000       0x32 c:/program files/microchip/xc8/v2.36/avr/bin/../lib/gcc/avr/5.4.0/../../../../avr/lib/avr5/memx-const\libm.a(fp_split3.o)
 .data          0x0000000000000000        0x0 c:/program files/microchip/xc8/v2.36/avr/bin/../lib/gcc/avr/5.4.0/../../../../avr/lib/avr5/memx-const\libm.a(fp_zero.o)
 .bss           0x0000000000000000        0x0 c:/program files/microchip/xc8/v2.36/avr/bin/../lib/gcc/avr/5.4.0/../../../../avr/lib/avr5/memx-const\libm.a(fp_zero.o)
 .stack.descriptors
                0x0000000000000000       0x2f c:/program files/microchip/xc8/v2.36/avr/bin/../lib/gcc/avr/5.4.0/../../../../avr/lib/avr5/memx-const\libm.a(fp_zero.o)
 .data          0x0000000000000000        0x0 c:/program files/microchip/xc8/v2.36/avr/bin/../lib/gcc/avr/5.4.0/../../../../avr/lib/avr5/memx-const\libm.a(mulsf3.o)
 .bss           0x0000000000000000        0x0 c:/program files/microchip/xc8/v2.36/avr/bin/../lib/gcc/avr/5.4.0/../../../../avr/lib/avr5/memx-const\libm.a(mulsf3.o)
 .stack.descriptors
                0x0000000000000000       0x16 c:/program files/microchip/xc8/v2.36/avr/bin/../lib/gcc/avr/5.4.0/../../../../avr/lib/avr5/memx-const\libm.a(mulsf3.o)
 .data          0x0000000000000000        0x0 c:/program files/microchip/xc8/v2.36/avr/bin/../lib/gcc/avr/5.4.0/../../../../avr/lib/avr5/memx-const\libm.a(mulsf3x.o)
 .bss           0x0000000000000000        0x0 c:/program files/microchip/xc8/v2.36/avr/bin/../lib/gcc/avr/5.4.0/../../../../avr/lib/avr5/memx-const\libm.a(mulsf3x.o)
 .stack.descriptors
                0x0000000000000000       0x31 c:/program files/microchip/xc8/v2.36/avr/bin/../lib/gcc/avr/5.4.0/../../../../avr/lib/avr5/memx-const\libm.a(mulsf3x.o)
 .text          0x0000000000000000        0x0 c:/program files/microchip/xc8/v2.36/avr/bin/../lib/gcc/avr/5.4.0/avr5/memx-const\libgcc.a(_udivmodsi4.o)
 .data          0x0000000000000000        0x0 c:/program files/microchip/xc8/v2.36/avr/bin/../lib/gcc/avr/5.4.0/avr5/memx-const\libgcc.a(_udivmodsi4.o)
 .bss           0x0000000000000000        0x0 c:/program files/microchip/xc8/v2.36/avr/bin/../lib/gcc/avr/5.4.0/avr5/memx-const\libgcc.a(_udivmodsi4.o)
 .text.libgcc.mul
                0x0000000000000000        0x0 c:/program files/microchip/xc8/v2.36/avr/bin/../lib/gcc/avr/5.4.0/avr5/memx-const\libgcc.a(_udivmodsi4.o)
 .stack.descriptors
                0x0000000000000000       0x1a c:/program files/microchip/xc8/v2.36/avr/bin/../lib/gcc/avr/5.4.0/avr5/memx-const\libgcc.a(_udivmodsi4.o)
 .text.libgcc   0x0000000000000000        0x0 c:/program files/microchip/xc8/v2.36/avr/bin/../lib/gcc/avr/5.4.0/avr5/memx-const\libgcc.a(_udivmodsi4.o)
 .text.libgcc.prologue
                0x0000000000000000        0x0 c:/program files/microchip/xc8/v2.36/avr/bin/../lib/gcc/avr/5.4.0/avr5/memx-const\libgcc.a(_udivmodsi4.o)
 .text.libgcc.builtins
                0x0000000000000000        0x0 c:/program files/microchip/xc8/v2.36/avr/bin/../lib/gcc/avr/5.4.0/avr5/memx-const\libgcc.a(_udivmodsi4.o)
 .text.libgcc.fmul
                0x0000000000000000        0x0 c:/program files/microchip/xc8/v2.36/avr/bin/../lib/gcc/avr/5.4.0/avr5/memx-const\libgcc.a(_udivmodsi4.o)
 .text.libgcc.fixed
                0x0000000000000000        0x0 c:/program files/microchip/xc8/v2.36/avr/bin/../lib/gcc/avr/5.4.0/avr5/memx-const\libgcc.a(_udivmodsi4.o)
 .text          0x0000000000000000        0x0 c:/program files/microchip/xc8/v2.36/avr/bin/../lib/gcc/avr/5.4.0/avr5/memx-const\libgcc.a(_copy_data.o)
 .data          0x0000000000000000        0x0 c:/program files/microchip/xc8/v2.36/avr/bin/../lib/gcc/avr/5.4.0/avr5/memx-const\libgcc.a(_copy_data.o)
 .bss           0x0000000000000000        0x0 c:/program files/microchip/xc8/v2.36/avr/bin/../lib/gcc/avr/5.4.0/avr5/memx-const\libgcc.a(_copy_data.o)
 .text.libgcc.mul
                0x0000000000000000        0x0 c:/program files/microchip/xc8/v2.36/avr/bin/../lib/gcc/avr/5.4.0/avr5/memx-const\libgcc.a(_copy_data.o)
 .text.libgcc.div
                0x0000000000000000        0x0 c:/program files/microchip/xc8/v2.36/avr/bin/../lib/gcc/avr/5.4.0/avr5/memx-const\libgcc.a(_copy_data.o)
 .text.libgcc   0x0000000000000000        0x0 c:/program files/microchip/xc8/v2.36/avr/bin/../lib/gcc/avr/5.4.0/avr5/memx-const\libgcc.a(_copy_data.o)
 .text.libgcc.prologue
                0x0000000000000000        0x0 c:/program files/microchip/xc8/v2.36/avr/bin/../lib/gcc/avr/5.4.0/avr5/memx-const\libgcc.a(_copy_data.o)
 .text.libgcc.builtins
                0x0000000000000000        0x0 c:/program files/microchip/xc8/v2.36/avr/bin/../lib/gcc/avr/5.4.0/avr5/memx-const\libgcc.a(_copy_data.o)
 .text.libgcc.fmul
                0x0000000000000000        0x0 c:/program files/microchip/xc8/v2.36/avr/bin/../lib/gcc/avr/5.4.0/avr5/memx-const\libgcc.a(_copy_data.o)
 .text.libgcc.fixed
                0x0000000000000000        0x0 c:/program files/microchip/xc8/v2.36/avr/bin/../lib/gcc/avr/5.4.0/avr5/memx-const\libgcc.a(_copy_data.o)
 .text          0x0000000000000000        0x0 c:/program files/microchip/xc8/v2.36/avr/bin/../lib/gcc/avr/5.4.0/avr5/memx-const\libgcc.a(_umulhisi3.o)
 .data          0x0000000000000000        0x0 c:/program files/microchip/xc8/v2.36/avr/bin/../lib/gcc/avr/5.4.0/avr5/memx-const\libgcc.a(_umulhisi3.o)
 .bss           0x0000000000000000        0x0 c:/program files/microchip/xc8/v2.36/avr/bin/../lib/gcc/avr/5.4.0/avr5/memx-const\libgcc.a(_umulhisi3.o)
 .stack.descriptors
                0x0000000000000000       0x19 c:/program files/microchip/xc8/v2.36/avr/bin/../lib/gcc/avr/5.4.0/avr5/memx-const\libgcc.a(_umulhisi3.o)
 .text.libgcc.div
                0x0000000000000000        0x0 c:/program files/microchip/xc8/v2.36/avr/bin/../lib/gcc/avr/5.4.0/avr5/memx-const\libgcc.a(_umulhisi3.o)
 .text.libgcc   0x0000000000000000        0x0 c:/program files/microchip/xc8/v2.36/avr/bin/../lib/gcc/avr/5.4.0/avr5/memx-const\libgcc.a(_umulhisi3.o)
 .text.libgcc.prologue
                0x0000000000000000        0x0 c:/program files/microchip/xc8/v2.36/avr/bin/../lib/gcc/avr/5.4.0/avr5/memx-const\libgcc.a(_umulhisi3.o)
 .text.libgcc.builtins
                0x0000000000000000        0x0 c:/program files/microchip/xc8/v2.36/avr/bin/../lib/gcc/avr/5.4.0/avr5/memx-const\libgcc.a(_umulhisi3.o)
 .text.libgcc.fmul
                0x0000000000000000        0x0 c:/program files/microchip/xc8/v2.36/avr/bin/../lib/gcc/avr/5.4.0/avr5/memx-const\libgcc.a(_umulhisi3.o)
 .text.libgcc.fixed
                0x0000000000000000        0x0 c:/program files/microchip/xc8/v2.36/avr/bin/../lib/gcc/avr/5.4.0/avr5/memx-const\libgcc.a(_umulhisi3.o)
 .text          0x0000000000000000        0x0 c:/program files/microchip/xc8/v2.36/avr/bin/../lib/gcc/avr/5.4.0/avr5/memx-const\libgcc.a(_movmemx.o)
 .data          0x0000000000000000        0x0 c:/program files/microchip/xc8/v2.36/avr/bin/../lib/gcc/avr/5.4.0/avr5/memx-const\libgcc.a(_movmemx.o)
 .bss           0x0000000000000000        0x0 c:/program files/microchip/xc8/v2.36/avr/bin/../lib/gcc/avr/5.4.0/avr5/memx-const\libgcc.a(_movmemx.o)
 .text.libgcc.mul
                0x0000000000000000        0x0 c:/program files/microchip/xc8/v2.36/avr/bin/../lib/gcc/avr/5.4.0/avr5/memx-const\libgcc.a(_movmemx.o)
 .text.libgcc.div
                0x0000000000000000        0x0 c:/program files/microchip/xc8/v2.36/avr/bin/../lib/gcc/avr/5.4.0/avr5/memx-const\libgcc.a(_movmemx.o)
 .text.libgcc.prologue
                0x0000000000000000        0x0 c:/program files/microchip/xc8/v2.36/avr/bin/../lib/gcc/avr/5.4.0/avr5/memx-const\libgcc.a(_movmemx.o)
 .stack.descriptors
                0x0000000000000000       0x34 c:/program files/microchip/xc8/v2.36/avr/bin/../lib/gcc/avr/5.4.0/avr5/memx-const\libgcc.a(_movmemx.o)
 .text.libgcc.builtins
                0x0000000000000000        0x0 c:/program files/microchip/xc8/v2.36/avr/bin/../lib/gcc/avr/5.4.0/avr5/memx-const\libgcc.a(_movmemx.o)
 .text.libgcc.fmul
                0x0000000000000000        0x0 c:/program files/microchip/xc8/v2.36/avr/bin/../lib/gcc/avr/5.4.0/avr5/memx-const\libgcc.a(_movmemx.o)
 .text.libgcc.fixed
                0x0000000000000000        0x0 c:/program files/microchip/xc8/v2.36/avr/bin/../lib/gcc/avr/5.4.0/avr5/memx-const\libgcc.a(_movmemx.o)
 .text          0x0000000000000000        0x0 c:/program files/microchip/xc8/v2.36/avr/bin/../lib/gcc/avr/5.4.0/../../../../avr/lib/avr5/memx-const\libc.a(exit.o)
 .data          0x0000000000000000        0x0 c:/program files/microchip/xc8/v2.36/avr/bin/../lib/gcc/avr/5.4.0/../../../../avr/lib/avr5/memx-const\libc.a(exit.o)
 .bss           0x0000000000000000        0x0 c:/program files/microchip/xc8/v2.36/avr/bin/../lib/gcc/avr/5.4.0/../../../../avr/lib/avr5/memx-const\libc.a(exit.o)
 .text          0x0000000000000000        0x0 c:/program files/microchip/xc8/v2.36/avr/bin/../lib/gcc/avr/5.4.0/../../../../avr/lib/avr5/memx-const\libc.a(_Exit.o)
 .data          0x0000000000000000        0x0 c:/program files/microchip/xc8/v2.36/avr/bin/../lib/gcc/avr/5.4.0/../../../../avr/lib/avr5/memx-const\libc.a(_Exit.o)
 .bss           0x0000000000000000        0x0 c:/program files/microchip/xc8/v2.36/avr/bin/../lib/gcc/avr/5.4.0/../../../../avr/lib/avr5/memx-const\libc.a(_Exit.o)
 .text          0x0000000000000000        0x0 c:/program files/microchip/xc8/v2.36/avr/bin/../lib/gcc/avr/5.4.0/avr5/memx-const\libgcc.a(_exit.o)
 .data          0x0000000000000000        0x0 c:/program files/microchip/xc8/v2.36/avr/bin/../lib/gcc/avr/5.4.0/avr5/memx-const\libgcc.a(_exit.o)
 .bss           0x0000000000000000        0x0 c:/program files/microchip/xc8/v2.36/avr/bin/../lib/gcc/avr/5.4.0/avr5/memx-const\libgcc.a(_exit.o)
 .text.libgcc.mul
                0x0000000000000000        0x0 c:/program files/microchip/xc8/v2.36/avr/bin/../lib/gcc/avr/5.4.0/avr5/memx-const\libgcc.a(_exit.o)
 .text.libgcc.div
                0x0000000000000000        0x0 c:/program files/microchip/xc8/v2.36/avr/bin/../lib/gcc/avr/5.4.0/avr5/memx-const\libgcc.a(_exit.o)
 .text.libgcc   0x0000000000000000        0x0 c:/program files/microchip/xc8/v2.36/avr/bin/../lib/gcc/avr/5.4.0/avr5/memx-const\libgcc.a(_exit.o)
 .text.libgcc.prologue
                0x0000000000000000        0x0 c:/program files/microchip/xc8/v2.36/avr/bin/../lib/gcc/avr/5.4.0/avr5/memx-const\libgcc.a(_exit.o)
 .stack.descriptors
                0x0000000000000000       0x13 c:/program files/microchip/xc8/v2.36/avr/bin/../lib/gcc/avr/5.4.0/avr5/memx-const\libgcc.a(_exit.o)
 .text.libgcc.builtins
                0x0000000000000000        0x0 c:/program files/microchip/xc8/v2.36/avr/bin/../lib/gcc/avr/5.4.0/avr5/memx-const\libgcc.a(_exit.o)
 .text.libgcc.fmul
                0x0000000000000000        0x0 c:/program files/microchip/xc8/v2.36/avr/bin/../lib/gcc/avr/5.4.0/avr5/memx-const\libgcc.a(_exit.o)
 .text.libgcc.fixed
                0x0000000000000000        0x0 c:/program files/microchip/xc8/v2.36/avr/bin/../lib/gcc/avr/5.4.0/avr5/memx-const\libgcc.a(_exit.o)

Memory Configuration

Name             Origin             Length             Attributes
text             0x0000000000000000 0x0000000000008000 xr
data             0x0000000000800060 0x0000000000000800 rw !x
eeprom           0x0000000000810000 0x0000000000000400 rw !x
fuse             0x0000000000820000 0x0000000000000002 rw !x
lock             0x0000000000830000 0x0000000000000400 rw !x
signature        0x0000000000840000 0x0000000000000400 rw !x
user_signatures  0x0000000000850000 0x0000000000000400 rw !x
*default*        0x0000000000000000 0xffffffffffffffff

Linker script and memory map

LOAD C:/Program Files (x86)/Atmel/Studio/7.0/Packs/atmel/ATmega_DFP/1.7.374/xc8/avr/lib/avr5/memx-const/crtatmega32.o
LOAD HAL/LCD/CLCD_prog.o
LOAD HAL/MOTOR/MOTOR_program.o
LOAD HAL/SERVO/SERVO_prog.o
LOAD HAL/ULTRASONIC/USS_prog.o
LOAD main.o
LOAD MCAL/DIO/DIO_prog.o
LOAD MCAL/INTERRUPT/EXTI_prog.o
LOAD MCAL/INTERRUPT/GIE_prog.o
LOAD MCAL/PORT/PORT_prog.o
LOAD MCAL/PWM/PWM_prog.o
LOAD MCAL/TIMER/TIMER_prog.o
START GROUP
LOAD c:/program files/microchip/xc8/v2.36/avr/bin/../lib/gcc/avr/5.4.0/../../../../avr/lib/avr5/memx-const\libm.a
END GROUP
START GROUP
LOAD c:/program files/microchip/xc8/v2.36/avr/bin/../lib/gcc/avr/5.4.0/avr5/memx-const\libgcc.a
LOAD c:/program files/microchip/xc8/v2.36/avr/bin/../lib/gcc/avr/5.4.0/../../../../avr/lib/avr5/memx-const\libm.a
LOAD c:/program files/microchip/xc8/v2.36/avr/bin/../lib/gcc/avr/5.4.0/../../../../avr/lib/avr5/memx-const\libc.a
LOAD C:/Program Files (x86)/Atmel/Studio/7.0/Packs/atmel/ATmega_DFP/1.7.374/xc8/avr/lib/avr5/memx-const\libatmega32.a
END GROUP
                0x0000000000000000                __TEXT_REGION_ORIGIN__ = DEFINED (__TEXT_REGION_ORIGIN__)?__TEXT_REGION_ORIGIN__:0x0
                [0x0000000000800060]                __DATA_REGION_ORIGIN__ = DEFINED (__DATA_REGION_ORIGIN__)?__DATA_REGION_ORIGIN__:0x800060
                [0x0000000000008000]                __TEXT_REGION_LENGTH__ = DEFINED (__TEXT_REGION_LENGTH__)?__TEXT_REGION_LENGTH__:0x20000
                [0x0000000000000800]                __DATA_REGION_LENGTH__ = DEFINED (__DATA_REGION_LENGTH__)?__DATA_REGION_LENGTH__:0xffa0
                [0x0000000000000400]                __EEPROM_REGION_LENGTH__ = DEFINED (__EEPROM_REGION_LENGTH__)?__EEPROM_REGION_LENGTH__:0x10000
                [0x0000000000000002]                __FUSE_REGION_LENGTH__ = DEFINED (__FUSE_REGION_LENGTH__)?__FUSE_REGION_LENGTH__:0x400
                0x0000000000000400                __LOCK_REGION_LENGTH__ = DEFINED (__LOCK_REGION_LENGTH__)?__LOCK_REGION_LENGTH__:0x400
                0x0000000000000400                __SIGNATURE_REGION_LENGTH__ = DEFINED (__SIGNATURE_REGION_LENGTH__)?__SIGNATURE_REGION_LENGTH__:0x400
                0x0000000000000400                __USER_SIGNATURE_REGION_LENGTH__ = DEFINED (__USER_SIGNATURE_REGION_LENGTH__)?__USER_SIGNATURE_REGION_LENGTH__:0x400

.hash
 *(.hash)

.dynsym
 *(.dynsym)

.dynstr
 *(.dynstr)

.gnu.version
 *(.gnu.version)

.gnu.version_d
 *(.gnu.version_d)

.gnu.version_r
 *(.gnu.version_r)

.rel.init
 *(.rel.init)

.rela.init
 *(.rela.init)

.rel.text
 *(.rel.text)
 *(.rel.text.*)
 *(.rel.gnu.linkonce.t*)

.rela.text
 *(.rela.text)
 *(.rela.text.*)
 *(.rela.gnu.linkonce.t*)

.rel.fini
 *(.rel.fini)

.rela.fini
 *(.rela.fini)

.rel.rodata
 *(.rel.rodata)
 *(.rel.rodata.*)
 *(.rel.gnu.linkonce.r*)

.rela.rodata
 *(.rela.rodata)
 *(.rela.rodata.*)
 *(.rela.gnu.linkonce.r*)

.rel.data
 *(.rel.data)
 *(.rel.data.*)
 *(.rel.gnu.linkonce.d*)

.rela.data
 *(.rela.data)
 *(.rela.data.*)
 *(.rela.gnu.linkonce.d*)

.rel.ctors
 *(.rel.ctors)

.rela.ctors
 *(.rela.ctors)

.rel.dtors
 *(.rel.dtors)

.rela.dtors
 *(.rela.dtors)

.rel.got
 *(.rel.got)

.rela.got
 *(.rela.got)

.rel.bss
 *(.rel.bss)

.rela.bss
 *(.rela.bss)

.rel.plt
 *(.rel.plt)

.rela.plt
 *(.rela.plt)

.text           0x0000000000000000       0xc0
 *(.vectors)
 .vectors       0x0000000000000000       0x54 C:/Program Files (x86)/Atmel/Studio/7.0/Packs/atmel/ATmega_DFP/1.7.374/xc8/avr/lib/avr5/memx-const/crtatmega32.o
                0x0000000000000000                __vector_default
                0x0000000000000000                __vectors
 *(.vectors)
 *(.progmem.gcc*)
 *(.dinit)
 .dinit         0x0000000000000054       0x18 data_init
                0x000000000000006c                . = ALIGN (0x2)
 *fill*         0x000000000000006c        0x0 
                0x000000000000006c                __trampolines_start = .
 *(.trampolines)
 .trampolines   0x000000000000006c        0x0 linker stubs
 *(.trampolines*)
                0x000000000000006c                __trampolines_end = .
 *libprintf_flt.a:*(.progmem.data)
 *libc.a:*(.progmem.data)
                0x000000000000006c                . = ALIGN (0x2)
 *(.jumptables)
 *(.jumptables*)
 *(.lowtext)
 *(.lowtext*)
                0x000000000000006c                __ctors_start = .
 *(.ctors)
                0x000000000000006c                __ctors_end = .
                0x000000000000006c                __dtors_start = .
 *(.dtors)
                0x000000000000006c                __dtors_end = .
 SORT(*)(.ctors)
 SORT(*)(.dtors)
 *(.init0)
 .init0         0x000000000000006c        0x0 C:/Program Files (x86)/Atmel/Studio/7.0/Packs/atmel/ATmega_DFP/1.7.374/xc8/avr/lib/avr5/memx-const/crtatmega32.o
                0x000000000000006c                __init
 *(.init0)
 *(.init1)
 *(.init1)
 *(.init2)
 .init2         0x000000000000006c        0xc C:/Program Files (x86)/Atmel/Studio/7.0/Packs/atmel/ATmega_DFP/1.7.374/xc8/avr/lib/avr5/memx-const/crtatmega32.o
 *(.init2)
 *(.init3)
 *(.init3)
 *(.init4)
 .init4         0x0000000000000078       0x3c c:/program files/microchip/xc8/v2.36/avr/bin/../lib/gcc/avr/5.4.0/avr5/memx-const\libgcc.a(_copy_data.o)
                0x0000000000000078                __do_copy_data
                0x00000000000000a6                __do_clear_bss
 *(.init4)
 *(.init5)
 *(.init5)
 *(.init6)
 *(.init6)
 *(.init7)
 *(.init7)
 *(.init8)
 *(.init8)
 *(.init9)
 .init9         0x00000000000000b4        0x8 C:/Program Files (x86)/Atmel/Studio/7.0/Packs/atmel/ATmega_DFP/1.7.374/xc8/avr/lib/avr5/memx-const/crtatmega32.o
 *(.init9)
                0x00000000000000bc                . = ALIGN (0x2)
 *(.fini9)
 .fini9         0x00000000000000bc        0x0 c:/program files/microchip/xc8/v2.36/avr/bin/../lib/gcc/avr/5.4.0/avr5/memx-const\libgcc.a(_exit.o)
                0x00000000000000bc                _exit
 *(.fini9)
 *(.fini8)
 *(.fini8)
 *(.fini7)
 *(.fini7)
 *(.fini6)
 *(.fini6)
 *(.fini5)
 *(.fini5)
 *(.fini4)
 *(.fini4)
 *(.fini3)
 *(.fini3)
 *(.fini2)
 *(.fini2)
 *(.fini1)
 *(.fini1)
 *(.fini0)
 .fini0         0x00000000000000bc        0x4 c:/program files/microchip/xc8/v2.36/avr/bin/../lib/gcc/avr/5.4.0/avr5/memx-const\libgcc.a(_exit.o)
 *(.fini0)
                0x00000000000000c0                _etext = .

.data           0x0000000000800060        0x0 load address 0x00000000000000c0
                [!provide]                        PROVIDE (__data_start, .)
 *(.gnu.linkonce.d*)
 *(.gnu.linkonce.r*)
                0x0000000000800060                . = ALIGN (0x2)
 *fill*         0x0000000000800060        0x0 
                0x0000000000800060                _edata = .
                [!provide]                        PROVIDE (__data_end, .)

.bss            0x0000000000800060        0x4
                [!provide]                        PROVIDE (__bss_start, .)
 *(COMMON)
 COMMON         0x0000000000800060        0x4 main.o
                0x0000000000800060                MOTOR2
                0x0000000000800062                MOTOR1
                [!provide]                        PROVIDE (__bss_end, .)
                0x00000000000000c0                __data_load_start = LOADADDR (.data)
                0x00000000000000c0                __data_load_end = (__data_load_start + SIZEOF (.data))

.noinit         0x0000000000800064        0x0
                [!provide]                        PROVIDE (__noinit_start, .)
 *(.noinit*)
                [!provide]                        PROVIDE (__noinit_end, .)
                0x0000000000800064                _end = .

.eeprom         0x0000000000810000        0x0
 *(.eeprom*)
                0x0000000000810000                __eeprom_end = .

.fuse
 *(.fuse)
 *(.lfuse)
 *(.hfuse)
 *(.efuse)

.lock
 *(.lock*)

.signature
 *(.signature*)

.user_signatures
 *(.user_signatures*)

.stab
 *(.stab)

.stabstr
 *(.stabstr)

.stab.excl
 *(.stab.excl)

.stab.exclstr
 *(.stab.exclstr)

.stab.index
 *(.stab.index)

.stab.indexstr
 *(.stab.indexstr)

.comment        0x0000000000000000       0x2f
 *(.comment)
 .comment       0x0000000000000000       0x2f HAL/LCD/CLCD_prog.o
                                         0x30 (size before relaxing)
 .comment       0x000000000000002f       0x30 HAL/MOTOR/MOTOR_program.o
 .comment       0x000000000000002f       0x30 HAL/SERVO/SERVO_prog.o
 .comment       0x000000000000002f       0x30 HAL/ULTRASONIC/USS_prog.o
 .comment       0x000000000000002f       0x30 main.o
 .comment       0x000000000000002f       0x30 MCAL/DIO/DIO_prog.o
 .comment       0x000000000000002f       0x30 MCAL/INTERRUPT/EXTI_prog.o
 .comment       0x000000000000002f       0x30 MCAL/INTERRUPT/GIE_prog.o
 .comment       0x000000000000002f       0x30 MCAL/PORT/PORT_prog.o
 .comment       0x000000000000002f       0x30 MCAL/PWM/PWM_prog.o
 .comment       0x000000000000002f       0x30 MCAL/TIMER/TIMER_prog.o
 .comment       0x000000000000002f       0x30 c:/program files/microchip/xc8/v2.36/avr/bin/../lib/gcc/avr/5.4.0/../../../../avr/lib/avr5/memx-const\libc.a(exit.o)
 .comment       0x000000000000002f       0x30 c:/program files/microchip/xc8/v2.36/avr/bin/../lib/gcc/avr/5.4.0/../../../../avr/lib/avr5/memx-const\libc.a(_Exit.o)

.stack.descriptors.hdr
                0x0000000000000000      0x10a
 .stack.descriptors.hdr
                0x0000000000000000        0xe c:/program files/microchip/xc8/v2.36/avr/bin/../lib/gcc/avr/5.4.0/../../../../avr/lib/avr5/memx-const\libm.a(addsf3.o)
 .stack.descriptors.hdr
                0x000000000000000e        0xe c:/program files/microchip/xc8/v2.36/avr/bin/../lib/gcc/avr/5.4.0/../../../../avr/lib/avr5/memx-const\libm.a(addsf3x.o)
 .stack.descriptors.hdr
                0x000000000000001c        0xe c:/program files/microchip/xc8/v2.36/avr/bin/../lib/gcc/avr/5.4.0/../../../../avr/lib/avr5/memx-const\libm.a(divsf3.o)
 .stack.descriptors.hdr
                0x000000000000002a        0xe c:/program files/microchip/xc8/v2.36/avr/bin/../lib/gcc/avr/5.4.0/../../../../avr/lib/avr5/memx-const\libm.a(divsf3x.o)
 .stack.descriptors.hdr
                0x0000000000000038        0xe c:/program files/microchip/xc8/v2.36/avr/bin/../lib/gcc/avr/5.4.0/../../../../avr/lib/avr5/memx-const\libm.a(fixunssfsi.o)
 .stack.descriptors.hdr
                0x0000000000000046        0xe c:/program files/microchip/xc8/v2.36/avr/bin/../lib/gcc/avr/5.4.0/../../../../avr/lib/avr5/memx-const\libm.a(floatsisf.o)
 .stack.descriptors.hdr
                0x0000000000000054        0xe c:/program files/microchip/xc8/v2.36/avr/bin/../lib/gcc/avr/5.4.0/../../../../avr/lib/avr5/memx-const\libm.a(fp_inf.o)
 .stack.descriptors.hdr
                0x0000000000000062        0xe c:/program files/microchip/xc8/v2.36/avr/bin/../lib/gcc/avr/5.4.0/../../../../avr/lib/avr5/memx-const\libm.a(fp_nan.o)
 .stack.descriptors.hdr
                0x0000000000000070        0xe c:/program files/microchip/xc8/v2.36/avr/bin/../lib/gcc/avr/5.4.0/../../../../avr/lib/avr5/memx-const\libm.a(fp_pscA.o)
 .stack.descriptors.hdr
                0x000000000000007e        0xe c:/program files/microchip/xc8/v2.36/avr/bin/../lib/gcc/avr/5.4.0/../../../../avr/lib/avr5/memx-const\libm.a(fp_pscB.o)
 .stack.descriptors.hdr
                0x000000000000008c        0xe c:/program files/microchip/xc8/v2.36/avr/bin/../lib/gcc/avr/5.4.0/../../../../avr/lib/avr5/memx-const\libm.a(fp_round.o)
 .stack.descriptors.hdr
                0x000000000000009a        0xe c:/program files/microchip/xc8/v2.36/avr/bin/../lib/gcc/avr/5.4.0/../../../../avr/lib/avr5/memx-const\libm.a(fp_split3.o)
 .stack.descriptors.hdr
                0x00000000000000a8        0xe c:/program files/microchip/xc8/v2.36/avr/bin/../lib/gcc/avr/5.4.0/../../../../avr/lib/avr5/memx-const\libm.a(fp_zero.o)
 .stack.descriptors.hdr
                0x00000000000000b6        0xe c:/program files/microchip/xc8/v2.36/avr/bin/../lib/gcc/avr/5.4.0/../../../../avr/lib/avr5/memx-const\libm.a(mulsf3.o)
 .stack.descriptors.hdr
                0x00000000000000c4        0xe c:/program files/microchip/xc8/v2.36/avr/bin/../lib/gcc/avr/5.4.0/../../../../avr/lib/avr5/memx-const\libm.a(mulsf3x.o)
 .stack.descriptors.hdr
                0x00000000000000d2        0xe c:/program files/microchip/xc8/v2.36/avr/bin/../lib/gcc/avr/5.4.0/avr5/memx-const\libgcc.a(_udivmodsi4.o)
 .stack.descriptors.hdr
                0x00000000000000e0        0xe c:/program files/microchip/xc8/v2.36/avr/bin/../lib/gcc/avr/5.4.0/avr5/memx-const\libgcc.a(_umulhisi3.o)
 .stack.descriptors.hdr
                0x00000000000000ee        0xe c:/program files/microchip/xc8/v2.36/avr/bin/../lib/gcc/avr/5.4.0/avr5/memx-const\libgcc.a(_movmemx.o)
 .stack.descriptors.hdr
                0x00000000000000fc        0xe c:/program files/microchip/xc8/v2.36/avr/bin/../lib/gcc/avr/5.4.0/avr5/memx-const\libgcc.a(_exit.o)

.note.GNU-stack
                0x0000000000000000        0x0
 .note.GNU-stack
                0x0000000000000000        0x0 c:/program files/microchip/xc8/v2.36/avr/bin/../lib/gcc/avr/5.4.0/../../../../avr/lib/avr5/memx-const\libm.a(addsf3.o)
 .note.GNU-stack
                0x0000000000000000        0x0 c:/program files/microchip/xc8/v2.36/avr/bin/../lib/gcc/avr/5.4.0/../../../../avr/lib/avr5/memx-const\libm.a(addsf3x.o)
 .note.GNU-stack
                0x0000000000000000        0x0 c:/program files/microchip/xc8/v2.36/avr/bin/../lib/gcc/avr/5.4.0/../../../../avr/lib/avr5/memx-const\libm.a(divsf3.o)
 .note.GNU-stack
                0x0000000000000000        0x0 c:/program files/microchip/xc8/v2.36/avr/bin/../lib/gcc/avr/5.4.0/../../../../avr/lib/avr5/memx-const\libm.a(divsf3x.o)
 .note.GNU-stack
                0x0000000000000000        0x0 c:/program files/microchip/xc8/v2.36/avr/bin/../lib/gcc/avr/5.4.0/../../../../avr/lib/avr5/memx-const\libm.a(fixunssfsi.o)
 .note.GNU-stack
                0x0000000000000000        0x0 c:/program files/microchip/xc8/v2.36/avr/bin/../lib/gcc/avr/5.4.0/../../../../avr/lib/avr5/memx-const\libm.a(floatsisf.o)
 .note.GNU-stack
                0x0000000000000000        0x0 c:/program files/microchip/xc8/v2.36/avr/bin/../lib/gcc/avr/5.4.0/../../../../avr/lib/avr5/memx-const\libm.a(fp_inf.o)
 .note.GNU-stack
                0x0000000000000000        0x0 c:/program files/microchip/xc8/v2.36/avr/bin/../lib/gcc/avr/5.4.0/../../../../avr/lib/avr5/memx-const\libm.a(fp_nan.o)
 .note.GNU-stack
                0x0000000000000000        0x0 c:/program files/microchip/xc8/v2.36/avr/bin/../lib/gcc/avr/5.4.0/../../../../avr/lib/avr5/memx-const\libm.a(fp_pscA.o)
 .note.GNU-stack
                0x0000000000000000        0x0 c:/program files/microchip/xc8/v2.36/avr/bin/../lib/gcc/avr/5.4.0/../../../../avr/lib/avr5/memx-const\libm.a(fp_pscB.o)
 .note.GNU-stack
                0x0000000000000000        0x0 c:/program files/microchip/xc8/v2.36/avr/bin/../lib/gcc/avr/5.4.0/../../../../avr/lib/avr5/memx-const\libm.a(fp_round.o)
 .note.GNU-stack
                0x0000000000000000        0x0 c:/program files/microchip/xc8/v2.36/avr/bin/../lib/gcc/avr/5.4.0/../../../../avr/lib/avr5/memx-const\libm.a(fp_split3.o)
 .note.GNU-stack
                0x0000000000000000        0x0 c:/program files/microchip/xc8/v2.36/avr/bin/../lib/gcc/avr/5.4.0/../../../../avr/lib/avr5/memx-const\libm.a(fp_zero.o)
 .note.GNU-stack
                0x0000000000000000        0x0 c:/program files/microchip/xc8/v2.36/avr/bin/../lib/gcc/avr/5.4.0/../../../../avr/lib/avr5/memx-const\libm.a(mulsf3.o)
 .note.GNU-stack
                0x0000000000000000        0x0 c:/program files/microchip/xc8/v2.36/avr/bin/../lib/gcc/avr/5.4.0/../../../../avr/lib/avr5/memx-const\libm.a(mulsf3x.o)
 .note.GNU-stack
                0x0000000000000000        0x0 c:/program files/microchip/xc8/v2.36/avr/bin/../lib/gcc/avr/5.4.0/../../../../avr/lib/avr5/memx-const\libc.a(exit.o)
 .note.GNU-stack
                0x0000000000000000        0x0 c:/program files/microchip/xc8/v2.36/avr/bin/../lib/gcc/avr/5.4.0/../../../../avr/lib/avr5/memx-const\libc.a(_Exit.o)

.note.gnu.build-id
 *(.note.gnu.build-id)

.debug
 *(.debug)

.line
 *(.line)

.debug_srcinfo
 *(.debug_srcinfo)

.debug_sfnames
 *(.debug_sfnames)

.debug_aranges  0x0000000000000000      0x298
 *(.debug_aranges)
 .debug_aranges
                0x0000000000000000       0x60 HAL/LCD/CLCD_prog.o
 .debug_aranges
                0x0000000000000060       0x30 HAL/MOTOR/MOTOR_program.o
 .debug_aranges
                0x0000000000000090       0x20 HAL/SERVO/SERVO_prog.o
 .debug_aranges
                0x00000000000000b0       0x58 HAL/ULTRASONIC/USS_prog.o
 .debug_aranges
                0x0000000000000108       0x40 main.o
 .debug_aranges
                0x0000000000000148       0x38 MCAL/DIO/DIO_prog.o
 .debug_aranges
                0x0000000000000180       0x58 MCAL/INTERRUPT/EXTI_prog.o
 .debug_aranges
                0x00000000000001d8       0x28 MCAL/INTERRUPT/GIE_prog.o
 .debug_aranges
                0x0000000000000200       0x20 MCAL/PORT/PORT_prog.o
 .debug_aranges
                0x0000000000000220       0x28 MCAL/PWM/PWM_prog.o
 .debug_aranges
                0x0000000000000248       0x50 MCAL/TIMER/TIMER_prog.o

.debug_pubnames
 *(.debug_pubnames)

.debug_info     0x0000000000000000     0x3a44
 *(.debug_info .gnu.linkonce.wi.*)
 .debug_info    0x0000000000000000      0x4e6 C:/Program Files (x86)/Atmel/Studio/7.0/Packs/atmel/ATmega_DFP/1.7.374/xc8/avr/lib/avr5/memx-const/crtatmega32.o
 .debug_info    0x00000000000004e6      0x883 HAL/LCD/CLCD_prog.o
 .debug_info    0x0000000000000d69      0x4d4 HAL/MOTOR/MOTOR_program.o
 .debug_info    0x000000000000123d      0x3c8 HAL/SERVO/SERVO_prog.o
 .debug_info    0x0000000000001605      0x561 HAL/ULTRASONIC/USS_prog.o
 .debug_info    0x0000000000001b66      0x9c9 main.o
 .debug_info    0x000000000000252f      0x402 MCAL/DIO/DIO_prog.o
 .debug_info    0x0000000000002931      0x49f MCAL/INTERRUPT/EXTI_prog.o
 .debug_info    0x0000000000002dd0      0x2ba MCAL/INTERRUPT/GIE_prog.o
 .debug_info    0x000000000000308a      0x294 MCAL/PORT/PORT_prog.o
 .debug_info    0x000000000000331e      0x2e6 MCAL/PWM/PWM_prog.o
 .debug_info    0x0000000000003604      0x440 MCAL/TIMER/TIMER_prog.o

.debug_abbrev   0x0000000000000000      0xf66
 *(.debug_abbrev)
 .debug_abbrev  0x0000000000000000      0x4a3 C:/Program Files (x86)/Atmel/Studio/7.0/Packs/atmel/ATmega_DFP/1.7.374/xc8/avr/lib/avr5/memx-const/crtatmega32.o
 .debug_abbrev  0x00000000000004a3      0x1c1 HAL/LCD/CLCD_prog.o
 .debug_abbrev  0x0000000000000664      0x105 HAL/MOTOR/MOTOR_program.o
 .debug_abbrev  0x0000000000000769      0x102 HAL/SERVO/SERVO_prog.o
 .debug_abbrev  0x000000000000086b      0x19f HAL/ULTRASONIC/USS_prog.o
 .debug_abbrev  0x0000000000000a0a      0x1fe main.o
 .debug_abbrev  0x0000000000000c08       0xa9 MCAL/DIO/DIO_prog.o
 .debug_abbrev  0x0000000000000cb1       0xda MCAL/INTERRUPT/EXTI_prog.o
 .debug_abbrev  0x0000000000000d8b       0x39 MCAL/INTERRUPT/GIE_prog.o
 .debug_abbrev  0x0000000000000dc4       0x46 MCAL/PORT/PORT_prog.o
 .debug_abbrev  0x0000000000000e0a       0x6d MCAL/PWM/PWM_prog.o
 .debug_abbrev  0x0000000000000e77       0xef MCAL/TIMER/TIMER_prog.o

.debug_line     0x0000000000000000     0x1684
 *(.debug_line .debug_line.* .debug_line_end)
 .debug_line    0x0000000000000000      0x119 C:/Program Files (x86)/Atmel/Studio/7.0/Packs/atmel/ATmega_DFP/1.7.374/xc8/avr/lib/avr5/memx-const/crtatmega32.o
 .debug_line    0x0000000000000119      0x324 HAL/LCD/CLCD_prog.o
 .debug_line    0x000000000000043d      0x161 HAL/MOTOR/MOTOR_program.o
 .debug_line    0x000000000000059e      0x145 HAL/SERVO/SERVO_prog.o
 .debug_line    0x00000000000006e3      0x2ec HAL/ULTRASONIC/USS_prog.o
 .debug_line    0x00000000000009cf      0x3ee main.o
 .debug_line    0x0000000000000dbd      0x24c MCAL/DIO/DIO_prog.o
 .debug_line    0x0000000000001009      0x2fb MCAL/INTERRUPT/EXTI_prog.o
 .debug_line    0x0000000000001304       0x64 MCAL/INTERRUPT/GIE_prog.o
 .debug_line    0x0000000000001368       0x9e MCAL/PORT/PORT_prog.o
 .debug_line    0x0000000000001406       0x9f MCAL/PWM/PWM_prog.o
 .debug_line    0x00000000000014a5      0x1df MCAL/TIMER/TIMER_prog.o

.debug_frame    0x0000000000000000      0x618
 *(.debug_frame)
 .debug_frame   0x0000000000000000      0x10c HAL/LCD/CLCD_prog.o
 .debug_frame   0x000000000000010c       0x5c HAL/MOTOR/MOTOR_program.o
 .debug_frame   0x0000000000000168       0x24 HAL/SERVO/SERVO_prog.o
 .debug_frame   0x000000000000018c       0xa8 HAL/ULTRASONIC/USS_prog.o
 .debug_frame   0x0000000000000234       0x84 main.o
 .debug_frame   0x00000000000002b8       0x54 MCAL/DIO/DIO_prog.o
 .debug_frame   0x000000000000030c      0x16c MCAL/INTERRUPT/EXTI_prog.o
 .debug_frame   0x0000000000000478       0x34 MCAL/INTERRUPT/GIE_prog.o
 .debug_frame   0x00000000000004ac       0x24 MCAL/PORT/PORT_prog.o
 .debug_frame   0x00000000000004d0       0x34 MCAL/PWM/PWM_prog.o
 .debug_frame   0x0000000000000504      0x114 MCAL/TIMER/TIMER_prog.o

.debug_str      0x0000000000000000      0x406
 *(.debug_str)
 .debug_str     0x0000000000000000      0x196 C:/Program Files (x86)/Atmel/Studio/7.0/Packs/atmel/ATmega_DFP/1.7.374/xc8/avr/lib/avr5/memx-const/crtatmega32.o
 .debug_str     0x0000000000000196       0x50 HAL/LCD/CLCD_prog.o
 .debug_str     0x00000000000001e6       0x33 HAL/MOTOR/MOTOR_program.o
 .debug_str     0x0000000000000219       0x12 HAL/SERVO/SERVO_prog.o
 .debug_str     0x000000000000022b       0x39 HAL/ULTRASONIC/USS_prog.o
 .debug_str     0x0000000000000264      0x123 main.o
 .debug_str     0x0000000000000387       0x38 MCAL/DIO/DIO_prog.o
 .debug_str     0x00000000000003bf       0x21 MCAL/INTERRUPT/EXTI_prog.o
 .debug_str     0x00000000000003e0        0x0 MCAL/INTERRUPT/GIE_prog.o
 .debug_str     0x00000000000003e0        0x0 MCAL/PORT/PORT_prog.o
 .debug_str     0x00000000000003e0        0x0 MCAL/PWM/PWM_prog.o
 .debug_str     0x00000000000003e0       0x26 MCAL/TIMER/TIMER_prog.o

.debug_loc      0x0000000000000000     0x1726
 *(.debug_loc)
 .debug_loc     0x0000000000000000      0x59b HAL/LCD/CLCD_prog.o
 .debug_loc     0x000000000000059b      0x171 HAL/MOTOR/MOTOR_program.o
 .debug_loc     0x000000000000070c       0x67 HAL/SERVO/SERVO_prog.o
 .debug_loc     0x0000000000000773       0xbc HAL/ULTRASONIC/USS_prog.o
 .debug_loc     0x000000000000082f      0x2e2 main.o
 .debug_loc     0x0000000000000b11      0x384 MCAL/DIO/DIO_prog.o
 .debug_loc     0x0000000000000e95      0x555 MCAL/INTERRUPT/EXTI_prog.o
 .debug_loc     0x00000000000013ea       0x2c MCAL/PWM/PWM_prog.o
 .debug_loc     0x0000000000001416      0x310 MCAL/TIMER/TIMER_prog.o

.debug_macinfo
 *(.debug_macinfo)

.debug_weaknames
 *(.debug_weaknames)

.debug_funcnames
 *(.debug_funcnames)

.debug_typenames
 *(.debug_typenames)

.debug_varnames
 *(.debug_varnames)

.debug_pubtypes
 *(.debug_pubtypes)

.debug_ranges   0x0000000000000000      0x200
 *(.debug_ranges)
 .debug_ranges  0x0000000000000000       0x68 HAL/LCD/CLCD_prog.o
 .debug_ranges  0x0000000000000068       0x20 HAL/MOTOR/MOTOR_program.o
 .debug_ranges  0x0000000000000088       0x10 HAL/SERVO/SERVO_prog.o
 .debug_ranges  0x0000000000000098       0x48 HAL/ULTRASONIC/USS_prog.o
 .debug_ranges  0x00000000000000e0       0x30 main.o
 .debug_ranges  0x0000000000000110       0x28 MCAL/DIO/DIO_prog.o
 .debug_ranges  0x0000000000000138       0x48 MCAL/INTERRUPT/EXTI_prog.o
 .debug_ranges  0x0000000000000180       0x18 MCAL/INTERRUPT/GIE_prog.o
 .debug_ranges  0x0000000000000198       0x10 MCAL/PORT/PORT_prog.o
 .debug_ranges  0x00000000000001a8       0x18 MCAL/PWM/PWM_prog.o
 .debug_ranges  0x00000000000001c0       0x40 MCAL/TIMER/TIMER_prog.o

.debug_macro
 *(.debug_macro)
OUTPUT(project Autonomous car.elf elf32-avr)
LOAD linker stubs
LOAD data_init

.note.gnu.avr.deviceinfo
                0x0000000000000000       0x3c
 .note.gnu.avr.deviceinfo
                0x0000000000000000       0x3c C:/Program Files (x86)/Atmel/Studio/7.0/Packs/atmel/ATmega_DFP/1.7.374/xc8/avr/lib/avr5/memx-const/crtatmega32.o

.bss.TIMER1_OVER_FLOW
                0x000000000080006d        0x2
 .bss.TIMER1_OVER_FLOW
                0x000000000080006d        0x2 HAL/ULTRASONIC/USS_prog.o

.bss.Local_u8CurrentAngle.2028
                0x0000000000800071        0x1
 .bss.Local_u8CurrentAngle.2028
                0x0000000000800071        0x1 main.o

.bss.EXTI_pvCallBackFunc
                0x0000000000800064        0x6
 .bss.EXTI_pvCallBackFunc
                0x0000000000800064        0x6 MCAL/INTERRUPT/EXTI_prog.o
                0x0000000000800064                EXTI_pvCallBackFunc

.bss.Timer0ovf_pvCallBackFunc
                0x000000000080006f        0x2
 .bss.Timer0ovf_pvCallBackFunc
                0x000000000080006f        0x2 MCAL/TIMER/TIMER_prog.o

.progmemx.data  0x00000000000000c0       0x11
 .progmemx.data
                0x00000000000000c0       0x11 main.o

.data.Local_u8IncFlag.2029
                0x0000000000800072        0x1 load address 0x00000000000000d1
 .data.Local_u8IncFlag.2029
                0x0000000000800072        0x1 main.o

.text           0x00000000000000d2       0xde
 .text          0x00000000000000d2       0xde c:/program files/microchip/xc8/v2.36/avr/bin/../lib/gcc/avr/5.4.0/../../../../avr/lib/avr5/memx-const\libm.a(divsf3x.o)
                0x00000000000000d2                __divsf3x
                0x00000000000000fa                __divsf3_pse

.text.voidCheckObstacle_MoveAccordingly
                0x00000000000001b0       0xd8
 .text.voidCheckObstacle_MoveAccordingly
                0x00000000000001b0       0xd8 main.o
                0x00000000000001b0                voidCheckObstacle_MoveAccordingly

.text           0x0000000000000288       0xd4
 .text          0x0000000000000288       0xd4 c:/program files/microchip/xc8/v2.36/avr/bin/../lib/gcc/avr/5.4.0/../../../../avr/lib/avr5/memx-const\libm.a(mulsf3x.o)
                0x0000000000000288                __mulsf3x
                0x00000000000002ae                __mulsf3_pse

.text.DIO_u8SetPinValue
                0x000000000000035c       0xd2
 .text.DIO_u8SetPinValue
                0x000000000000035c       0xd2 MCAL/DIO/DIO_prog.o
                0x000000000000035c                DIO_u8SetPinValue

.text           0x000000000000042e       0xce
 .text          0x000000000000042e       0xce c:/program files/microchip/xc8/v2.36/avr/bin/../lib/gcc/avr/5.4.0/../../../../avr/lib/avr5/memx-const\libm.a(addsf3x.o)
                0x000000000000042e                __addsf3x

.text.main      0x00000000000004fc       0xcc
 .text.main     0x00000000000004fc       0xcc main.o
                0x00000000000004fc                main

.text.CLCD_sendNumebr
                0x00000000000005c8       0xbe
 .text.CLCD_sendNumebr
                0x00000000000005c8       0xbe HAL/LCD/CLCD_prog.o
                0x00000000000005c8                CLCD_sendNumebr

.text           0x0000000000000686       0x7a
 .text          0x0000000000000686       0x7a c:/program files/microchip/xc8/v2.36/avr/bin/../lib/gcc/avr/5.4.0/../../../../avr/lib/avr5/memx-const\libm.a(floatsisf.o)
                0x0000000000000686                __floatunsisf
                0x000000000000068a                __floatsisf

.text.MoveServo180Degrees
                0x0000000000000700       0x72
 .text.MoveServo180Degrees
                0x0000000000000700       0x72 main.o
                0x0000000000000700                MoveServo180Degrees

.text           0x0000000000000772       0x5e
 .text          0x0000000000000772       0x5e c:/program files/microchip/xc8/v2.36/avr/bin/../lib/gcc/avr/5.4.0/../../../../avr/lib/avr5/memx-const\libm.a(fixunssfsi.o)
                0x0000000000000772                __fixunssfsi

.text.MOTOR_u8MoveMotor
                0x00000000000007d0       0x5c
 .text.MOTOR_u8MoveMotor
                0x00000000000007d0       0x5c HAL/MOTOR/MOTOR_program.o
                0x00000000000007d0                MOTOR_u8MoveMotor

.text.charptrCarDirection
                0x000000000000082c       0x54
 .text.charptrCarDirection
                0x000000000000082c       0x54 main.o
                0x000000000000082c                charptrCarDirection

.text.__vector_1
                0x0000000000000880       0x52
 .text.__vector_1
                0x0000000000000880       0x52 MCAL/INTERRUPT/EXTI_prog.o
                0x0000000000000880                __vector_1

.text.__vector_2
                0x00000000000008d2       0x52
 .text.__vector_2
                0x00000000000008d2       0x52 MCAL/INTERRUPT/EXTI_prog.o
                0x00000000000008d2                __vector_2

.text.__vector_3
                0x0000000000000924       0x52
 .text.__vector_3
                0x0000000000000924       0x52 MCAL/INTERRUPT/EXTI_prog.o
                0x0000000000000924                __vector_3

.text.__vector_11
                0x0000000000000976       0x52
 .text.__vector_11
                0x0000000000000976       0x52 MCAL/TIMER/TIMER_prog.o
                0x0000000000000976                __vector_11

.text.__vector_10
                0x00000000000009c8       0x52
 .text.__vector_10
                0x00000000000009c8       0x52 MCAL/TIMER/TIMER_prog.o
                0x00000000000009c8                __vector_10

.text.USS_u32GetDistance
                0x0000000000000a1a       0x4e
 .text.USS_u32GetDistance
                0x0000000000000a1a       0x4e HAL/ULTRASONIC/USS_prog.o
                0x0000000000000a1a                USS_u32GetDistance

.text           0x0000000000000a68       0x44
 .text          0x0000000000000a68       0x44 c:/program files/microchip/xc8/v2.36/avr/bin/../lib/gcc/avr/5.4.0/../../../../avr/lib/avr5/memx-const\libm.a(fp_split3.o)
                0x0000000000000a68                __fp_split3
                0x0000000000000a78                __fp_splitA

.text.libgcc.div
                0x0000000000000aac       0x44
 .text.libgcc.div
                0x0000000000000aac       0x44 c:/program files/microchip/xc8/v2.36/avr/bin/../lib/gcc/avr/5.4.0/avr5/memx-const\libgcc.a(_udivmodsi4.o)
                0x0000000000000aac                __udivmodsi4

.text.PWM0_VoidSetDutyCycle
                0x0000000000000af0       0x3c
 .text.PWM0_VoidSetDutyCycle
                0x0000000000000af0       0x3c MCAL/PWM/PWM_prog.o
                0x0000000000000af0                PWM0_VoidSetDutyCycle

.text.CLCD_sendString
                0x0000000000000b2c       0x34
 .text.CLCD_sendString
                0x0000000000000b2c       0x34 HAL/LCD/CLCD_prog.o
                0x0000000000000b2c                CLCD_sendString

.text.calcuteDistance
                0x0000000000000b60       0x30
 .text.calcuteDistance
                0x0000000000000b60       0x30 HAL/ULTRASONIC/USS_prog.o
                0x0000000000000b60                calcuteDistance

.text.__vector_9
                0x0000000000000b90       0x2e
 .text.__vector_9
                0x0000000000000b90       0x2e HAL/ULTRASONIC/USS_prog.o
                0x0000000000000b90                __vector_9

.text.TIMEROvf_u8Enable
                0x0000000000000bbe       0x2e
 .text.TIMEROvf_u8Enable
                0x0000000000000bbe       0x2e MCAL/TIMER/TIMER_prog.o
                0x0000000000000bbe                TIMEROvf_u8Enable

.text.DIO_u8SetPortValue
                0x0000000000000bec       0x2c
 .text.DIO_u8SetPortValue
                0x0000000000000bec       0x2c MCAL/DIO/DIO_prog.o
                0x0000000000000bec                DIO_u8SetPortValue

.text.MOTOR_voidStopMotor
                0x0000000000000c18       0x2a
 .text.MOTOR_voidStopMotor
                0x0000000000000c18       0x2a HAL/MOTOR/MOTOR_program.o
                0x0000000000000c18                MOTOR_voidStopMotor

.text.CLCD_voidSendCommand
                0x0000000000000c42       0x28
 .text.CLCD_voidSendCommand
                0x0000000000000c42       0x28 HAL/LCD/CLCD_prog.o
                0x0000000000000c42                CLCD_voidSendCommand

.text.CLCD_voidSendData
                0x0000000000000c6a       0x28
 .text.CLCD_voidSendData
                0x0000000000000c6a       0x28 HAL/LCD/CLCD_prog.o
                0x0000000000000c6a                CLCD_voidSendData

.text.CLCD_voidInit
                0x0000000000000c92       0x26
 .text.CLCD_voidInit
                0x0000000000000c92       0x26 HAL/LCD/CLCD_prog.o
                0x0000000000000c92                CLCD_voidInit

.text.voidInitMotors
                0x0000000000000cb8       0x26
 .text.voidInitMotors
                0x0000000000000cb8       0x26 main.o
                0x0000000000000cb8                voidInitMotors

.text.SendEnablePulse
                0x0000000000000cde       0x22
 .text.SendEnablePulse
                0x0000000000000cde       0x22 HAL/LCD/CLCD_prog.o

.text.SERVO_voidRotateToAngle
                0x0000000000000d00       0x22
 .text.SERVO_voidRotateToAngle
                0x0000000000000d00       0x22 HAL/SERVO/SERVO_prog.o
                0x0000000000000d00                SERVO_voidRotateToAngle

.text           0x0000000000000d22       0x22
 .text          0x0000000000000d22       0x22 c:/program files/microchip/xc8/v2.36/avr/bin/../lib/gcc/avr/5.4.0/../../../../avr/lib/avr5/memx-const\libm.a(fp_round.o)
                0x0000000000000d22                __fp_round

.text.PWM0_VoidInit
                0x0000000000000d44       0x20
 .text.PWM0_VoidInit
                0x0000000000000d44       0x20 MCAL/PWM/PWM_prog.o
                0x0000000000000d44                PWM0_VoidInit

.text.libgcc.mul
                0x0000000000000d64       0x1e
 .text.libgcc.mul
                0x0000000000000d64       0x1e c:/program files/microchip/xc8/v2.36/avr/bin/../lib/gcc/avr/5.4.0/avr5/memx-const\libgcc.a(_umulhisi3.o)
                0x0000000000000d64                __umulhisi3

.text.CLCD_voidGoToXY
                0x0000000000000d82       0x1a
 .text.CLCD_voidGoToXY
                0x0000000000000d82       0x1a HAL/LCD/CLCD_prog.o
                0x0000000000000d82                CLCD_voidGoToXY

.text.libgcc    0x0000000000000d9c       0x1a
 .text.libgcc   0x0000000000000d9c       0x1a c:/program files/microchip/xc8/v2.36/avr/bin/../lib/gcc/avr/5.4.0/avr5/memx-const\libgcc.a(_movmemx.o)
                0x0000000000000d9c                __movmemx_qi
                0x0000000000000d9e                __movmemx_hi

.text.PORT_voidInit
                0x0000000000000db6       0x18
 .text.PORT_voidInit
                0x0000000000000db6       0x18 MCAL/PORT/PORT_prog.o
                0x0000000000000db6                PORT_voidInit

.text.exit      0x0000000000000dce       0x16
 .text.exit     0x0000000000000dce       0x16 c:/program files/microchip/xc8/v2.36/avr/bin/../lib/gcc/avr/5.4.0/../../../../avr/lib/avr5/memx-const\libc.a(exit.o)
                0x0000000000000dce                exit

.text.USS_voidInit
                0x0000000000000de4        0xe
 .text.USS_voidInit
                0x0000000000000de4        0xe HAL/ULTRASONIC/USS_prog.o
                0x0000000000000de4                USS_voidInit

.text.setICP_RisingEdge
                0x0000000000000df2        0xe
 .text.setICP_RisingEdge
                0x0000000000000df2        0xe HAL/ULTRASONIC/USS_prog.o
                0x0000000000000df2                setICP_RisingEdge

.text.setICP_FallingEdge
                0x0000000000000e00        0xe
 .text.setICP_FallingEdge
                0x0000000000000e00        0xe HAL/ULTRASONIC/USS_prog.o
                0x0000000000000e00                setICP_FallingEdge

.text.Clear_Timer1Flags
                0x0000000000000e0e        0xe
 .text.Clear_Timer1Flags
                0x0000000000000e0e        0xe HAL/ULTRASONIC/USS_prog.o
                0x0000000000000e0e                Clear_Timer1Flags

.text           0x0000000000000e1c        0xe
 .text          0x0000000000000e1c        0xe c:/program files/microchip/xc8/v2.36/avr/bin/../lib/gcc/avr/5.4.0/../../../../avr/lib/avr5/memx-const\libm.a(addsf3.o)
                0x0000000000000e1c                __subsf3
                0x0000000000000e1e                __addsf3

.text           0x0000000000000e2a        0xe
 .text          0x0000000000000e2a        0xe c:/program files/microchip/xc8/v2.36/avr/bin/../lib/gcc/avr/5.4.0/../../../../avr/lib/avr5/memx-const\libm.a(fp_pscA.o)
                0x0000000000000e2a                __fp_pscA

.text           0x0000000000000e38        0xe
 .text          0x0000000000000e38        0xe c:/program files/microchip/xc8/v2.36/avr/bin/../lib/gcc/avr/5.4.0/../../../../avr/lib/avr5/memx-const\libm.a(fp_pscB.o)
                0x0000000000000e38                __fp_pscB

.text           0x0000000000000e46        0xe
 .text          0x0000000000000e46        0xe c:/program files/microchip/xc8/v2.36/avr/bin/../lib/gcc/avr/5.4.0/../../../../avr/lib/avr5/memx-const\libm.a(fp_zero.o)
                0x0000000000000e46                __fp_zero
                0x0000000000000e48                __fp_szero

.text           0x0000000000000e54        0xc
 .text          0x0000000000000e54        0xc c:/program files/microchip/xc8/v2.36/avr/bin/../lib/gcc/avr/5.4.0/../../../../avr/lib/avr5/memx-const\libm.a(fp_inf.o)
                0x0000000000000e54                __fp_inf

.text.CLCD_voidClearDisplay
                0x0000000000000e60        0x8
 .text.CLCD_voidClearDisplay
                0x0000000000000e60        0x8 HAL/LCD/CLCD_prog.o
                0x0000000000000e60                CLCD_voidClearDisplay

.text           0x0000000000000e68        0x8
 .text          0x0000000000000e68        0x8 c:/program files/microchip/xc8/v2.36/avr/bin/../lib/gcc/avr/5.4.0/../../../../avr/lib/avr5/memx-const\libm.a(divsf3.o)
                0x0000000000000e68                __divsf3

.text           0x0000000000000e70        0x8
 .text          0x0000000000000e70        0x8 c:/program files/microchip/xc8/v2.36/avr/bin/../lib/gcc/avr/5.4.0/../../../../avr/lib/avr5/memx-const\libm.a(mulsf3.o)
                0x0000000000000e70                __mulsf3

.text.MOTOR_voidSetMotorsPWMDutyCycle
                0x0000000000000e78        0x6
 .text.MOTOR_voidSetMotorsPWMDutyCycle
                0x0000000000000e78        0x6 HAL/MOTOR/MOTOR_program.o
                0x0000000000000e78                MOTOR_voidSetMotorsPWMDutyCycle

.text           0x0000000000000e7e        0x6
 .text          0x0000000000000e7e        0x6 c:/program files/microchip/xc8/v2.36/avr/bin/../lib/gcc/avr/5.4.0/../../../../avr/lib/avr5/memx-const\libm.a(fp_nan.o)
                0x0000000000000e7e                __fp_nan

.text           0x0000000000000e84        0x4
 .text          0x0000000000000e84        0x4 C:/Program Files (x86)/Atmel/Studio/7.0/Packs/atmel/ATmega_DFP/1.7.374/xc8/avr/lib/avr5/memx-const/crtatmega32.o
                0x0000000000000e84                __vector_12
                0x0000000000000e84                __bad_interrupt
                0x0000000000000e84                __vector_6
                0x0000000000000e84                __vector_13
                0x0000000000000e84                __vector_17
                0x0000000000000e84                __vector_19
                0x0000000000000e84                __vector_7
                0x0000000000000e84                __vector_5
                0x0000000000000e84                __vector_4
                0x0000000000000e84                __vector_15
                0x0000000000000e84                __vector_8
                0x0000000000000e84                __vector_14
                0x0000000000000e84                __vector_16
                0x0000000000000e84                __vector_18
                0x0000000000000e84                __vector_20

.text.GIE_voidEnableGlobal
                0x0000000000000e88        0x4
 .text.GIE_voidEnableGlobal
                0x0000000000000e88        0x4 MCAL/INTERRUPT/GIE_prog.o
                0x0000000000000e88                GIE_voidEnableGlobal

.text._Exit     0x0000000000000e8c        0x4
 .text._Exit    0x0000000000000e8c        0x4 c:/program files/microchip/xc8/v2.36/avr/bin/../lib/gcc/avr/5.4.0/../../../../avr/lib/avr5/memx-const\libc.a(_Exit.o)
                0x0000000000000e8c                _Exit

.text.__dummy_fini
                0x0000000000000e90        0x2
 .text.__dummy_fini
                0x0000000000000e90        0x2 c:/program files/microchip/xc8/v2.36/avr/bin/../lib/gcc/avr/5.4.0/../../../../avr/lib/avr5/memx-const\libc.a(exit.o)
                0x0000000000000e90                _fini

.text.__dummy_funcs_on_exit
                0x0000000000000e92        0x2
 .text.__dummy_funcs_on_exit
                0x0000000000000e92        0x2 c:/program files/microchip/xc8/v2.36/avr/bin/../lib/gcc/avr/5.4.0/../../../../avr/lib/avr5/memx-const\libc.a(exit.o)
                0x0000000000000e92                __funcs_on_exit

.text.__dummy_simulator_exit
                0x0000000000000e94        0x2
 .text.__dummy_simulator_exit
                0x0000000000000e94        0x2 c:/program files/microchip/xc8/v2.36/avr/bin/../lib/gcc/avr/5.4.0/../../../../avr/lib/avr5/memx-const\libc.a(exit.o)
                0x0000000000000e94                __simulator_exit

.data.Local_carDir.2050
                0x000000000080006a        0x3 load address 0x0000000000000e96
 .data.Local_carDir.2050
                0x000000000080006a        0x3 main.o
